// Jest Snapshot v1, https://goo.gl/fbAQLP

exports[`Render should render component 1`] = `
<div
  className="gf-form-group"
>
  <h3
    className="page-heading"
  >
    Sun and Moon reference location
  </h3>
  <div
    className="grafana-info-box"
  >
    This datasource calculates sun and moon metrics that are relative to a location on earth.
    <br />
    The geographic position is expressed as latitude and longitude in decimal degrees.
  </div>
  <div
    className="gf-form"
  >
    <InlineField
      label="Latitude"
      labelWidth={14}
    >
      <Input
        className="latitude"
        label="Latitude"
        max={90}
        min={-90}
        onChange={[Function]}
        placeholder="48.3984"
        required={true}
        type="number"
        value={48}
        width={32}
      />
    </InlineField>
  </div>
  <div
    className="gf-form"
  >
    <InlineField
      label="Longitude"
      labelWidth={14}
    >
      <Input
        className="longitude"
        label="Longitude"
        max={360}
        min={-360}
        onChange={[Function]}
        placeholder="9.9910"
        required={true}
        type="number"
        value={10}
        width={32}
      />
    </InlineField>
  </div>
</div>
`;
