// Jest Snapshot v1, https://goo.gl/fbAQLP

exports[`Render should render component 1`] = `
<div
  className="gf-form-group"
>
  <div
    className="gf-form"
  >
    <FormLabel>
      Metric
    </FormLabel>
    <Select$1
      className="metric"
      onChange={[Function]}
      options={
        Array [
          Object {
            "description": "The time of the moon rising",
            "label": "Moonrise",
            "value": "moonrise",
          },
          Object {
            "description": "The time of the moon setting",
            "label": "Moonset",
            "value": "moonset",
          },
          Object {
            "description": "The time of solar noon",
            "label": "Solar Noon",
            "value": "solar_noon",
          },
          Object {
            "description": "The time of sunrise",
            "label": "Sunrise",
            "value": "sunrise",
          },
          Object {
            "description": "Time of sunset",
            "label": "Sunset",
            "value": "sunset",
          },
          Object {
            "description": "Percentage of the moon illuminated by the sun (0.0-1.0)",
            "label": "Moon illumination",
            "value": "moon_illumination",
          },
          Object {
            "description": "Moon phase (0 is New Moon, 0.25 is First Quarter, 0.5 is Full Moon, 0.75 is Last Quarter)",
            "label": "Moon phase",
            "value": "moon_phase",
          },
          Object {
            "description": "Height of the moon in degrees (-90-90)",
            "label": "Moon altitude",
            "value": "moon_altitude",
          },
          Object {
            "description": "Direction of the moon along the horizon in degrees (0-360)",
            "label": "Moon azimuth",
            "value": "moon_azimuth",
          },
          Object {
            "description": "Distance to the moon in meter",
            "label": "Moon distance",
            "value": "moon_distance",
          },
          Object {
            "description": "Height of the sun in degrees (-90-90)",
            "label": "Sun altitude",
            "value": "sun_altitude",
          },
          Object {
            "description": "Direction of the sun along the horizon in degrees (0-360)",
            "label": "Sun azimuth",
            "value": "sun_azimuth",
          },
        ]
      }
      placeholder="Metric"
      value="sun_altitude"
    />
  </div>
  <div
    className="gf-form gf-form--grow"
  >
    <InlineField
      label="Override Latitude"
      labelWidth={20}
    >
      <Input
        className="latitude"
        label="Latitude"
        onChange={[Function]}
        placeholder="50"
        value=""
        width={32}
      />
    </InlineField>
    <InlineField
      label="Override Longitude"
      labelWidth={20}
    >
      <Input
        className="longitude"
        label="Longitude"
        onChange={[Function]}
        placeholder="10"
        value=""
        width={32}
      />
    </InlineField>
  </div>
</div>
`;
